error: disk 'sda' of guest 'zero' already contains snapshot 'root'
