error: Failed to run 'ssh -o BatchMode=yes -o ConnectTimeout=10 -o ForwardAgent=yes -o StrictHostKeyChecking=no -o UserKnownHostsFile=/dev/null root@10.210.0.13 qemu-img create -q -fqcow2 -olazy_refcounts=on -opreallocation=metadata /mima/zero-sda.qcow2 20G'

stdout:
qemu-img: Could not open '/mima/zero-sda.qcow2': Failed to get "write" lock
Is another process using the image [/mima/zero-sda.qcow2]?

