error: Failed to run 'ssh -o BatchMode=yes -o ConnectTimeout=1 -o ForwardAgent=yes -o StrictHostKeyChecking=no -o UserKnownHostsFile=/dev/null root@10.210.0.13 qemu-img snapshot -croot /mima/zero-sda.qcow2'

stdout:
foobar

