error: unexpected argument 'three' found

Usage: mima check-snapshot <GUEST_ID> <SNAPSHOT_ID>

For more information, try '--help'.
