error: the following required arguments were not provided:
  <SNAPSHOT_ID>

Usage: mima check-snapshot <GUEST_ID> <SNAPSHOT_ID>

For more information, try '--help'.
