error: Missing configuration at './mima.toml', '/etc/mima.toml'
