ID    BOOTED  SPICE  DESCRIPTION
beta  false   5901   foo
zero  true    5902   bar
