error: unexpected argument 'one' found

Usage: mima list-guests

For more information, try '--help'.
