Delete snapshot

Usage: mima delete-snapshot <GUEST_ID> <SNAPSHOT_ID>

Arguments:
  <GUEST_ID>     Guest ID
  <SNAPSHOT_ID>  Snapshot ID

Options:
  -h, --help  Print help
