error: The following required arguments were not provided:
    <SNAPSHOT_ID>

USAGE:
    mima delete-snapshot <GUEST_ID> <SNAPSHOT_ID>

For more information try --help
