error: unexpected argument 'two' found

Usage: mima wait-for-guest-to-shutdown <GUEST_ID>

For more information, try '--help'.
