error: the following required arguments were not provided:
  <GUEST_ID>

Usage: mima wait-for-guest-to-shutdown <GUEST_ID>

For more information, try '--help'.
