error: the argument '--boot-from-network' cannot be used with '--boot-from-cdrom'

Usage: mima start-guest --boot-from-network <GUEST_ID>

For more information, try '--help'.
