error: Failed to run 'ssh -o BatchMode=yes -o ConnectTimeout=10 -o ForwardAgent=yes -o StrictHostKeyChecking=no -o UserKnownHostsFile=/dev/null root@10.210.0.13 ip link set mima-mgt-zero master mima-mgt up'

stdout:
foobar

