error: unexpected argument 'two' found

Usage: mima start-guest [OPTIONS] <GUEST_ID>

For more information, try '--help'.
