error: The following required arguments were not provided:
    <GUEST_ID>

USAGE:
    mima start-guest [OPTIONS] <GUEST_ID>

For more information try --help
