error: failed to run 'ssh -o BatchMode=yes -o ConnectTimeout=10 -o ForwardAgent=yes -o StrictHostKeyChecking=no -o UserKnownHostsFile=/dev/null root@10.210.0.13 qemu-img snapshot -cdev /mima/zero-sda.qcow2'

