error: unexpected argument 'three' found

Usage: mima create-snapshot <GUEST_ID> <SNAPSHOT_ID>

For more information, try '--help'.
