Execute script on guest

Usage: mima execute-script-on-guest <GUEST_ID> [PATH] [-- [ARGS]...]

Arguments:
  <GUEST_ID>  Guest ID
  [PATH]      File path
  [ARGS]...   Arguments to pass to the file

Options:
  -h, --help  Print help
