error: the following required arguments were not provided:
  <GUEST_ID>

Usage: mima execute-script-on-guest <GUEST_ID> [PATH] [-- [ARGS]...]

For more information, try '--help'.
