error: unexpected argument 'three' found

Usage: mima execute-file-on-guest <GUEST_ID> <PATH> [-- [ARGS]...]

For more information, try '--help'.
