error: the following required arguments were not provided:
  <GUEST_ID>
  <PATH>

Usage: mima execute-file-on-guest <GUEST_ID> <PATH> [-- [ARGS]...]

For more information, try '--help'.
