Show guest details

Usage: mima show-guest-details <GUEST_ID>

Arguments:
  <GUEST_ID>  Guest ID

Options:
  -h, --help  Print help
