error: The following required arguments were not provided:
    <GUEST_ID>

USAGE:
    mima show-guest-details <GUEST_ID>

For more information try --help
