error: unexpected argument 'two' found

Usage: mima list-snapshots <GUEST_ID>

For more information, try '--help'.
