ID       TIMESTAMP
root     1970-01-01 00:00:01
centos7  1970-01-01 00:00:02
