error: The following required arguments were not provided:
    <GUEST_ID>

USAGE:
    mima list-snapshots <GUEST_ID>

For more information try --help
