error: Found argument 'two' which wasn't expected, or isn't valid in this context

USAGE:
    mima stop-guest [OPTIONS] <GUEST_ID>

For more information try --help
