Copy file to guest

Usage: mima copy-file-to-guest <GUEST_ID> <PATH> [FILE_NAME]

Arguments:
  <GUEST_ID>   Guest ID
  <PATH>       File path
  [FILE_NAME]  Destination file name

Options:
  -h, --help  Print help
