error: The following required arguments were not provided:
    <GUEST_ID>
    <PATH>

USAGE:
    mima copy-file-to-guest <GUEST_ID> <PATH> [FILE_NAME]

For more information try --help
